#
# There is insufficient memory for the Java Runtime Environment to continue.
# Native memory allocation (mmap) failed to map 264241152 bytes. Error detail: G1 virtual space
# Possible reasons:
#   The system is out of physical RAM or swap space
#   This process is running with CompressedOops enabled, and the Java Heap may be blocking the growth of the native heap
# Possible solutions:
#   Reduce memory load on the system
#   Increase physical memory or swap space
#   Check if swap backing store is full
#   Decrease Java heap size (-Xmx/-Xms)
#   Decrease number of Java threads
#   Decrease Java thread stack sizes (-Xss)
#   Set larger code cache with -XX:ReservedCodeCacheSize=
#   JVM is running with Zero Based Compressed Oops mode in which the Java heap is
#     placed in the first 32GB address space. The Java Heap base address is the
#     maximum limit for the native heap growth. Please use -XX:HeapBaseMinAddress
#     to set the Java Heap base and to place the Java Heap above 32GB virtual address.
# This output file may be truncated or incomplete.
#
#  Out of Memory Error (os_windows.cpp:3825), pid=7044, tid=24336
#
# JRE version:  (17.0.12+1) (build )
# Java VM: OpenJDK 64-Bit Server VM (17.0.12+1-b1087.25, mixed mode, sharing, tiered, compressed oops, compressed class ptrs, g1 gc, windows-amd64)
# No core dump will be written. Minidumps are not enabled by default on client versions of Windows
#

---------------  S U M M A R Y ------------

Command Line: git4idea.http.GitAskPassApp Username for 'https://github.com': 

Host: 13th Gen Intel(R) Core(TM) i5-1335U, 12 cores, 15G,  Windows 11 , 64 bit Build 26100 (10.0.26100.7705)
Time: Tue Mar 10 15:43:57 2026 India Standard Time elapsed time: 0.043149 seconds (0d 0h 0m 0s)

---------------  T H R E A D  ---------------

Current thread (0x000001ead1aba610):  JavaThread "Unknown thread" [_thread_in_vm, id=24336, stack(0x0000007246c00000,0x0000007246d00000)]

Stack: [0x0000007246c00000,0x0000007246d00000]
Native frames: (J=compiled Java code, j=interpreted, Vv=VM code, C=native code)
V  [jvm.dll+0x688dd9]
V  [jvm.dll+0x842eaa]
V  [jvm.dll+0x844aee]
V  [jvm.dll+0x845153]
V  [jvm.dll+0x24ba3f]
V  [jvm.dll+0x685ba9]
V  [jvm.dll+0x67a45a]
V  [jvm.dll+0x30c60b]
V  [jvm.dll+0x313ab6]
V  [jvm.dll+0x363c6e]
V  [jvm.dll+0x363e9f]
V  [jvm.dll+0x2e2658]
V  [jvm.dll+0x2e3594]
V  [jvm.dll+0x813b31]
V  [jvm.dll+0x3719c1]
V  [jvm.dll+0x7f2626]
V  [jvm.dll+0x3f563f]
V  [jvm.dll+0x3f7191]
C  [jli.dll+0x528f]
C  [ucrtbase.dll+0x37b0]
C  [KERNEL32.DLL+0x2e8d7]
C  [ntdll.dll+0x8c40c]


---------------  P R O C E S S  ---------------

Threads class SMR info:
_java_thread_list=0x00007ffa8e0f0f58, length=0, elements={
}

Java Threads: ( => current thread )

Other Threads:
  0x000001ead1b289a0 GCTaskThread "GC Thread#0" [stack: 0x0000007246d00000,0x0000007246e00000] [id=4688]
  0x000001ead1b39310 ConcurrentGCThread "G1 Main Marker" [stack: 0x0000007246e00000,0x0000007246f00000] [id=48540]
  0x000001ead1b3c0c0 ConcurrentGCThread "G1 Conc#0" [stack: 0x0000007246f00000,0x0000007247000000] [id=42012]

[error occurred during error reporting (printing all threads), id 0xc0000005, EXCEPTION_ACCESS_VIOLATION (0xc0000005) at pc=0x00007ffa8d8a31c7]

VM state: not at safepoint (not fully initialized)

VM Mutex/Monitor currently owned by a thread:  ([mutex/lock_event])
[0x000001ead1ab6380] Heap_lock - owner thread: 0x000001ead1aba610

Heap address: 0x0000000704e00000, size: 4018 MB, Compressed Oops mode: Zero based, Oop shift amount: 3

CDS archive(s) mapped at: [0x0000000000000000-0x0000000000000000-0x0000000000000000), size 0, SharedBaseAddress: 0x0000000800000000, ArchiveRelocationMode: 1.
Narrow klass base: 0x0000000000000000, Narrow klass shift: 0, Narrow klass range: 0x0

GC Precious Log:
<Empty>

Heap:
 garbage-first heap   total 0K, used 0K [0x0000000704e00000, 0x0000000800000000)
  region size 2048K, 0 young (0K), 0 survivors (0K)
 Metaspace       used 0K, committed 0K, reserved 0K
  class space    used 0K, committed 0K, reserved 0K

Heap Regions: E=young(eden), S=young(survivor), O=old, HS=humongous(starts), HC=humongous(continues), CS=collection set, F=free, OA=open archive, CA=closed archive, TAMS=top-at-mark-start (previous, next)

Card table byte_map: [0x000001eae4f70000,0x000001eae5750000] _byte_map_base: 0x000001eae1749000

Marking Bits (Prev, Next): (CMBitMap*) 0x000001ead1b28ed0, (CMBitMap*) 0x000001ead1b28f10
 Prev Bits: [0x000001eae5f30000, 0x000001eae9df8000)
 Next Bits: [0x000001eae9e00000, 0x000001eaedcc8000)

GC Heap History (0 events):
No events

Dll operation events (1 events):
Event: 0.020 Loaded shared library C:\Users\rakesh.pericherla\AppData\Local\JetBrains\IntelliJ IDEA Community Edition 2023.3.5\jbr\bin\java.dll

Deoptimization events (0 events):
No events

Classes unloaded (0 events):
No events

Classes redefined (0 events):
No events

Internal exceptions (0 events):
No events

VM Operations (0 events):
No events

Events (0 events):
No events


Dynamic libraries:
0x00007ff702e40000 - 0x00007ff702e4a000 	C:\Users\rakesh.pericherla\AppData\Local\JetBrains\IntelliJ IDEA Community Edition 2023.3.5\jbr\bin\java.exe
0x00007ffb0b240000 - 0x00007ffb0b4a8000 	C:\WINDOWS\SYSTEM32\ntdll.dll
0x00007ffb09100000 - 0x00007ffb091c9000 	C:\WINDOWS\System32\KERNEL32.DLL
0x00007ffb08a90000 - 0x00007ffb08e81000 	C:\WINDOWS\System32\KERNELBASE.dll
0x00007ffb08e90000 - 0x00007ffb08fdb000 	C:\WINDOWS\System32\ucrtbase.dll
0x00007ffade2b0000 - 0x00007ffade2c7000 	C:\Users\rakesh.pericherla\AppData\Local\JetBrains\IntelliJ IDEA Community Edition 2023.3.5\jbr\bin\jli.dll
0x00007ffacecf0000 - 0x00007ffaced0b000 	C:\Users\rakesh.pericherla\AppData\Local\JetBrains\IntelliJ IDEA Community Edition 2023.3.5\jbr\bin\VCRUNTIME140.dll
0x00007ffb0a110000 - 0x00007ffb0a2d6000 	C:\WINDOWS\System32\USER32.dll
0x00007ffb07d90000 - 0x00007ffb07db7000 	C:\WINDOWS\System32\win32u.dll
0x00007ffb0ae80000 - 0x00007ffb0aeab000 	C:\WINDOWS\System32\GDI32.dll
0x00007ffb07b20000 - 0x00007ffb07c4b000 	C:\WINDOWS\System32\gdi32full.dll
0x00007ffb08920000 - 0x00007ffb089c3000 	C:\WINDOWS\System32\msvcp_win.dll
0x00007ffaf2650000 - 0x00007ffaf28e3000 	C:\WINDOWS\WinSxS\amd64_microsoft.windows.common-controls_6595b64144ccf1df_6.0.26100.7824_none_3e0870b2e3345462\COMCTL32.dll
0x00007ffb0a2e0000 - 0x00007ffb0a389000 	C:\WINDOWS\System32\msvcrt.dll
0x00007ffb09a20000 - 0x00007ffb09a51000 	C:\WINDOWS\System32\IMM32.DLL
0x00007ffad8900000 - 0x00007ffad890c000 	C:\Users\rakesh.pericherla\AppData\Local\JetBrains\IntelliJ IDEA Community Edition 2023.3.5\jbr\bin\vcruntime140_1.dll
0x00007ffa8e760000 - 0x00007ffa8e7ed000 	C:\Users\rakesh.pericherla\AppData\Local\JetBrains\IntelliJ IDEA Community Edition 2023.3.5\jbr\bin\msvcp140.dll
0x00007ffa8d5b0000 - 0x00007ffa8e235000 	C:\Users\rakesh.pericherla\AppData\Local\JetBrains\IntelliJ IDEA Community Edition 2023.3.5\jbr\bin\server\jvm.dll
0x00007ffb0a660000 - 0x00007ffb0a714000 	C:\WINDOWS\System32\ADVAPI32.dll
0x00007ffb09c40000 - 0x00007ffb09ce6000 	C:\WINDOWS\System32\sechost.dll
0x00007ffb08fe0000 - 0x00007ffb090f8000 	C:\WINDOWS\System32\RPCRT4.dll
0x00007ffb07980000 - 0x00007ffb079de000 	C:\WINDOWS\SYSTEM32\POWRPROF.dll
0x00007ffaf0380000 - 0x00007ffaf038a000 	C:\WINDOWS\SYSTEM32\WSOCK32.dll
0x00007ffaf6bd0000 - 0x00007ffaf6bdb000 	C:\WINDOWS\SYSTEM32\VERSION.dll
0x00007ffb09cf0000 - 0x00007ffb09d64000 	C:\WINDOWS\System32\WS2_32.dll
0x00007ffaff620000 - 0x00007ffaff655000 	C:\WINDOWS\SYSTEM32\WINMM.dll
0x00007ffb07960000 - 0x00007ffb07974000 	C:\WINDOWS\SYSTEM32\UMPDC.dll
0x00007ffb06880000 - 0x00007ffb0689b000 	C:\WINDOWS\SYSTEM32\kernel.appcore.dll
0x00007ffb048a0000 - 0x00007ffb048aa000 	C:\Users\rakesh.pericherla\AppData\Local\JetBrains\IntelliJ IDEA Community Edition 2023.3.5\jbr\bin\jimage.dll
0x00007ffb058e0000 - 0x00007ffb05b22000 	C:\WINDOWS\SYSTEM32\DBGHELP.DLL
0x00007ffb09d80000 - 0x00007ffb0a106000 	C:\WINDOWS\System32\combase.dll
0x00007ffb09b60000 - 0x00007ffb09c37000 	C:\WINDOWS\System32\OLEAUT32.dll
0x00007ffaf2610000 - 0x00007ffaf264b000 	C:\WINDOWS\SYSTEM32\dbgcore.DLL
0x00007ffb07ce0000 - 0x00007ffb07d85000 	C:\WINDOWS\System32\bcryptPrimitives.dll
0x00007ffaf04d0000 - 0x00007ffaf04f5000 	C:\Users\rakesh.pericherla\AppData\Local\JetBrains\IntelliJ IDEA Community Edition 2023.3.5\jbr\bin\java.dll

dbghelp: loaded successfully - version: 4.0.5 - missing functions: none
symbol engine: initialized successfully - sym options: 0x614 - pdb path: .;C:\Users\rakesh.pericherla\AppData\Local\JetBrains\IntelliJ IDEA Community Edition 2023.3.5\jbr\bin;C:\WINDOWS\SYSTEM32;C:\WINDOWS\WinSxS\amd64_microsoft.windows.common-controls_6595b64144ccf1df_6.0.26100.7824_none_3e0870b2e3345462;C:\Users\rakesh.pericherla\AppData\Local\JetBrains\IntelliJ IDEA Community Edition 2023.3.5\jbr\bin\server

VM Arguments:
java_command: git4idea.http.GitAskPassApp Username for 'https://github.com': 
java_class_path (initial): C:/Users/rakesh.pericherla/AppData/Local/JetBrains/IntelliJ IDEA Community Edition 2023.3.5/plugins/vcs-git/lib/git4idea-rt.jar;C:/Users/rakesh.pericherla/AppData/Local/JetBrains/IntelliJ IDEA Community Edition 2023.3.5/lib/externalProcess-rt.jar
Launcher Type: SUN_STANDARD

[Global flags]
     intx CICompilerCount                          = 4                                         {product} {ergonomic}
     uint ConcGCThreads                            = 3                                         {product} {ergonomic}
     uint G1ConcRefinementThreads                  = 10                                        {product} {ergonomic}
   size_t G1HeapRegionSize                         = 2097152                                   {product} {ergonomic}
    uintx GCDrainStackTargetSize                   = 64                                        {product} {ergonomic}
   size_t InitialHeapSize                          = 264241152                                 {product} {ergonomic}
   size_t MarkStackSize                            = 4194304                                   {product} {ergonomic}
   size_t MaxHeapSize                              = 4213178368                                {product} {ergonomic}
   size_t MinHeapDeltaBytes                        = 2097152                                   {product} {ergonomic}
   size_t MinHeapSize                              = 8388608                                   {product} {ergonomic}
    uintx NonNMethodCodeHeapSize                   = 5839372                                {pd product} {ergonomic}
    uintx NonProfiledCodeHeapSize                  = 122909434                              {pd product} {ergonomic}
    uintx ProfiledCodeHeapSize                     = 122909434                              {pd product} {ergonomic}
    uintx ReservedCodeCacheSize                    = 251658240                              {pd product} {ergonomic}
     bool SegmentedCodeCache                       = true                                      {product} {ergonomic}
   size_t SoftMaxHeapSize                          = 4213178368                             {manageable} {ergonomic}
     bool UseCompressedClassPointers               = true                           {product lp64_product} {ergonomic}
     bool UseCompressedOops                        = true                           {product lp64_product} {ergonomic}
     bool UseG1GC                                  = true                                      {product} {ergonomic}
     bool UseLargePagesIndividualAllocation        = false                                  {pd product} {ergonomic}

Logging:
Log output configuration:
 #0: stdout all=warning uptime,level,tags
 #1: stderr all=off uptime,level,tags

Environment Variables:
PATH=C:/Users/rakesh.pericherla/AppData/Local/Programs/Git/mingw64/libexec/git-core;C:/Users/rakesh.pericherla/AppData/Local/Programs/Git/mingw64/libexec/git-core;C:\Users\rakesh.pericherla\AppData\Local\Programs\Git\mingw64\bin;C:\Users\rakesh.pericherla\AppData\Local\Programs\Git\usr\bin;C:\Users\rakesh.pericherla\bin;C:\Program Files\Common Files\Oracle\Java\javapath;C:\WINDOWS\system32;C:\WINDOWS;C:\WINDOWS\System32\Wbem;C:\WINDOWS\System32\WindowsPowerShell\v1.0\;C:\WINDOWS\System32\OpenSSH\;C:\Program Files\dotnet\;C:\Program Files\PuTTY\;C:\Users\rakesh.pericherla\AppData\Local\Microsoft\WindowsApps;C:\Users\rakesh.pericherla\AppData\Local\Programs\Microsoft VS Code\bin;D:\Java\jdk-17.0.10\bin;C:\Users\rakesh.pericherla\AppData\Local\Programs\Git\cmd;C:\Users\rakesh.pericherla\AppData\Local\Programs\Antigravity\bin
USERNAME=rakesh.pericherla
DISPLAY=:0.0
LC_ALL=en_US.UTF-8
TERM=xterm-256color
TMPDIR=C:\Users\RAKESH~1.PER\AppData\Local\Temp
OS=Windows_NT
PROCESSOR_IDENTIFIER=Intel64 Family 6 Model 186 Stepping 3, GenuineIntel
TMP=C:\Users\RAKESH~1.PER\AppData\Local\Temp
TEMP=C:\Users\RAKESH~1.PER\AppData\Local\Temp



Periodic native trim disabled

JNI global refs:
JNI global refs: 0, weak refs: 0

JNI global refs memory usage: 0, weak refs: 0

OOME stack traces (most recent first):
Classloader memory used:


---------------  S Y S T E M  ---------------

OS:
 Windows 11 , 64 bit Build 26100 (10.0.26100.7705)
OS uptime: 20 days 2:06 hours
Hyper-V role detected

CPU: total 12 (initial active 12) (6 cores per cpu, 2 threads per core) family 6 model 186 stepping 3 microcode 0x4123, cx8, cmov, fxsr, ht, mmx, 3dnowpref, sse, sse2, sse3, ssse3, sse4.1, sse4.2, popcnt, lzcnt, tsc, tscinvbit, avx, avx2, aes, erms, clmul, bmi1, bmi2, adx, sha, fma, vzeroupper, clflush, clflushopt, clwb, hv
Processor Information for all 12 processors :
  Max Mhz: 1300, Current Mhz: 1300, Mhz Limit: 1300

Memory: 4k page, system-wide physical 16068M (1854M free)
TotalPageFile size 39595M (AvailPageFile size 151M)
current process WorkingSet (physical memory assigned to process): 12M, peak: 12M
current process commit charge ("private bytes"): 64M, peak: 316M

vm_info: OpenJDK 64-Bit Server VM (17.0.12+1-b1087.25) for windows-amd64 JRE (17.0.12+1-b1087.25), built on 2024-08-30 by "builduser" with MS VC++ 16.10 / 16.11 (VS2019)

END.
